******************************************************************************
              TMS320C55x Linker PC v4.3.8                      
******************************************************************************
>> Linked Fri May 08 12:41:13 2026

OUTPUT FILE NAME:   <lcd-osk9616.out>
ENTRY POINT SYMBOL: "_c_int00"  address: 00025de0


MEMORY CONFIGURATION

         name            origin    length      used     unused   attr    fill
                        (bytes)   (bytes)    (bytes)   (bytes)
----------------------  --------  ---------  --------  --------  ----  --------
PAGE 0:
  MMR                   00000000   000000c0  00000000  000000c0  RWIX
  DARAM0                000000c0   0000ff40  00005a4e  0000a4f2  RWIX
  SARAM0                00010000   00010000  00000000  00010000  RWIX
  SARAM1                00020000   00020000  00005f26  0001a0da  RWIX
  SARAM2                00040000   0000fe00  00000328  0000fad8  RWIX
  VECS                  0004fe00   00000200  00000100  00000100  RWIX
  PDROM                 00ff8000   00008000  00000000  00008000  R IX

PAGE 2:
  IOPORT                00000000   00020000  00000000  00020000  RWI 


SECTION ALLOCATION MAP
(Addresses surrounded by []'s are displayed for convenience only!)

output                                                          attributes/
section   page  orgn(bytes) orgn(words) len(bytes) len(words)   input sections
--------  ----  ----------- ----------- ---------- ----------   --------------
.pinit       0   [ 00040000 ]  00020000          *   00000000   UNINITIALIZED

.stack       0   [ 000000c0 ]  00000060          *   00001000   UNINITIALIZED
                 [ 000000c0 ]  00000060          *   00001000   --HOLE--

.data        0   [ 000000c0 ]  00000060          *   00000000   UNINITIALIZED

.sysstack 
*            0   [ 000020c0 ]  00001060          *   00000800   UNINITIALIZED
                 [ 000020c0 ]  00001060          *   00000800   --HOLE--

.sysmem      0   [ 000030c0 ]  00001860          *   00001000   UNINITIALIZED
                 [ 000030c0 ]  00001860          *   00001000   --HOLE--

.const       0   [ 000050c0 ]  00002860          *   000002a8   
                 [ 000050c0 ]  00002860          *   00000101   main.obj (.const:.string)
                 [ 000052c2 ]  00002961          *   00000101   rts55x.lib : ctype.obj (.const:__ctypes_)
                 [ 000054c4 ]  00002a62          *   00000068   oled_display.obj (.const:_FONT_A_Z)
                 [ 00005594 ]  00002aca          *   00000024   rts55x.lib : _printfi.obj (.const:.string)
                 [ 000055dc ]  00002aee          *   0000000c              : _printfi.obj (.const)
                 [ 000055f4 ]  00002afa          *   00000008              : divd.obj (.const:_initial_approx$1)
                 [ 00005604 ]  00002b02          *   00000002              : fputs.obj (.const:.string)
                 [ 00005608 ]  00002b04          *   00000002              : divd.obj (.const)
                 [ 0000560c ]  00002b06          *   00000002              : fltlid.obj (.const)

.bss.1       0   [ 00005610 ]  00002b08          *   0000025b   UNINITIALIZED
                 [ 00005610 ]  00002b08          *   00000119   rts55x.lib : defs.obj (.bss)
                 [ 00005842 ]  00002c21          *   000000d0              : trgdrv.obj (.bss)
                 [ 000059e2 ]  00002cf1          *   00000001              : fopen.obj (.bss)
                 [ 000059e4 ]  00002cf2          *   00000071              : lowlev.obj (.bss)

.bss.2       0   [ 00005ac8 ]  00002d64          *   00000024   UNINITIALIZED
                 [ 00005ac8 ]  00002d64          *   00000012   cslVC5505.lib : csl_i2c.obj (.bss)
                 [ 00005aec ]  00002d76          *   00000006   rts55x.lib : memory.obj (.bss)
                 [ 00005af8 ]  00002d7c          *   00000004   ezdsp5535bsl.lib : ezdsp5535_gpio.obj (.bss)
                 [ 00005b00 ]  00002d80          *   00000004   rts55x.lib : _lock.obj (.bss)
                 [ 00005b08 ]  00002d84          *   00000004              : exit.obj (.bss)

.text        0     00020000  [ 00010000 ] 00005f26          *   
                   00020000  [ 00010000 ] 00001598          *   rts55x.lib : _printfi.obj (.text)
                   00021598  [ 00010acc ] 00000c3c          *   cslVC5505.lib : csl_i2c.obj (.text)
                   000221d4  [ 000110ea ] 0000068d          *                 : csl_gpio.obj (.text)
                   00022861  [ 00011430+] 00000543          *   rts55x.lib : lowlev.obj (.text)
                   00022da4  [ 000116d2 ] 00000528          *              : trgdrv.obj (.text)
                   000232cc  [ 00011966 ] 000004b5          *              : memory.obj (.text)
                   00023781  [ 00011bc0+] 000003f0          *   oled_test.obj (.text)
                   00023b71  [ 00011db8+] 0000036c          *   rts55x.lib : divd.obj (.text)
                   00023edd  [ 00011f6e+] 0000027f          *              : fopen.obj (.text)
                   0002415c  [ 000120ae ] 0000025e          *              : llmpy.obj (.text)
                   000243ba  [ 000121dd ] 00000259          *              : addd.obj (.text)
                   00024613  [ 00012309+] 00000220          *   oled_display.obj (.text)
                   00024833  [ 00012419+] 000001ea          *   rts55x.lib : cmpd.obj (.text)
                   00024a1d  [ 0001250e+] 000001a0          *   main.obj (.text)
                   00024bbd  [ 000125de+] 00000192          *   ezdsp5535bsl.lib : ezdsp5535_lcd.obj (.text)
                   00024d4f  [ 000126a7+] 00000163          *   rts55x.lib : fputs.obj (.text)
                   00024eb2  [ 00012759 ] 0000014c          *              : mpyd.obj (.text)
                   00024ffe  [ 000127ff ] 000000e6          *              : setvbuf.obj (.text)
                   000250e4  [ 00012872 ] 000000dd          *              : _io_perm.obj (.text)
                   000251c1  [ 000128e0+] 000000c8          *              : frcmpyd_div.obj (.text)
                   00025289  [ 00012944+] 000000c2          *              : fflush.obj (.text)
                   0002534b  [ 000129a5+] 000000ba          *              : trgmsg.obj (.text:CIO_breakpoint)
                   00025405  [ 00012a02+] 000000ae          *              : _bufread.obj (.text)
                   000254b3  [ 00012a59+] 000000a6          *              : fputc.obj (.text)
                   00025559  [ 00012aac+] 000000a1          *              : divul.obj (.text)
                   000255fa  [ 00012afd ] 0000009b          *              : fgetc.obj (.text)
                   00025695  [ 00012b4a+] 0000008e          *   ezdsp5535bsl.lib : ezdsp5535_i2c.obj (.text)
                   00025723  [ 00012b91+] 00000087          *                    : ezdsp5535_gpio.obj (.text)
                   000257aa  [ 00012bd5 ] 0000007d          *   rts55x.lib : ltoa.obj (.text)
                   00025827  [ 00012c13+] 0000007b          *              : fclose.obj (.text)
                   000258a2  [ 00012c51 ] 00000076          *              : frcmpyd.obj (.text)
                   00025918  [ 00012c8c ] 00000072          *              : remul.obj (.text)
                   0002598a  [ 00012cc5 ] 0000006f          *              : fixdli.obj (.text)
                   000259f9  [ 00012cfc+] 0000006d          *              : trgmsg.obj (.text)
                   00025a66  [ 00012d33 ] 0000006b          *              : fseek.obj (.text)
                   00025ad1  [ 00012d68+] 00000067          *              : fltlid.obj (.text)
                   00025b38  [ 00012d9c ] 0000005c          *              : atoi.obj (.text)
                   00025b94  [ 00012dca ] 00000054          *   ezdsp5535bsl.lib : ezdsp5535.obj (.text)
                   00025be8  [ 00012df4 ] 00000050          *   rts55x.lib : printf.obj (.text)
                   00025c38  [ 00012e1c ] 0000004d          *              : autoinit.obj (.text)
                   00025c85  [ 00012e42+] 0000004b          *              : args_main.obj (.text)
                   00025cd0  [ 00012e68 ] 0000004b          *              : remli.obj (.text)
                   00025d1b  [ 00012e8d+] 00000048          *              : divli.obj (.text)
                   00025d63  [ 00012eb1+] 0000003f          *              : memcpy.obj (.text)
                   00025da2  [ 00012ed1 ] 0000003e          *              : exit.obj (.text)
                   00025de0  [ 00012ef0 ] 00000034          *              : boot.obj (.text)
                   00025e14  [ 00012f0a ] 0000002a          *              : fixdi.obj (.text)
                   00025e3e  [ 00012f1f ] 0000002a          *              : udiv.obj (.text)
                   00025e68  [ 00012f34 ] 00000023          *              : memccpy.obj (.text)
                   00025e8b  [ 00012f45+] 0000001c          *              : isinf.obj (.text)
                   00025ea7  [ 00012f53+] 00000014          *              : subd.obj (.text)
                   00025ebb  [ 00012f5d+] 00000013          *              : lmpy.obj (.text)
                   00025ece  [ 00012f67 ] 00000012          *              : _lock.obj (.text)
                   00025ee0  [ 00012f70 ] 00000011          *              : memset.obj (.text)
                   00025ef1  [ 00012f78+] 00000011          *              : strlen.obj (.text)
                   00025f02  [ 00012f81 ] 00000010          *              : negd.obj (.text)
                   00025f12  [ 00012f89 ] 0000000a          *              : remove.obj (.text)
                   00025f1c  [ 00012f8e ] 00000007          *              : exit.obj (.text:CIO_breakpoint)
                   00025f23  [ 00012f91+] 00000002          *              : vectors.obj (.text)
                   00025f25  [ 00012f92 ] 00000001          *   --HOLE-- [fill = 20]

.cio         0   [ 00040000 ]  00020000          *   00000120   UNINITIALIZED
                 [ 00040000 ]  00020000          *   00000120   rts55x.lib : trgmsg.obj (.cio)

.cinit       0   [ 00040240 ]  00020120          *   00000074   
                 [ 00040240 ]  00020120          *   0000002d   rts55x.lib : lowlev.obj (.cinit)
                 [ 0004029a ]  0002014d          *   0000002a              : defs.obj (.cinit)
                 [ 000402ee ]  00020177          *   0000000a              : _lock.obj (.cinit)
                 [ 00040302 ]  00020181          *   0000000a              : exit.obj (.cinit)
                 [ 00040316 ]  0002018b          *   00000004              : fopen.obj (.cinit)
                 [ 0004031e ]  0002018f          *   00000004              : memory.obj (.cinit)
                 [ 00040326 ]  00020193          *   00000001   --HOLE-- [fill = 0]

vectors      0     0004fe00  [ 00027f00 ] 00000100          *   
                   0004fe00  [ 00027f00 ] 00000100          *   rts55x.lib : vectors.obj (vectors)


GLOBAL SYMBOLS: SORTED ALPHABETICALLY BY Name 

abs. value/
byte addr   word addr   name
---------   ---------   ----
00000002                $TI_capability$C5500$CallingConvention
00000002                $TI_capability$C5500$MemoryModel
00000001                $TI_capability_requires_rev3
ffffffff                .bss
ffffffff                .data
ffffffff                .text
00025f1d                C$$EXIT
00025400                C$$IO$$
00025ebb                I$$LMPY
00025e3e                I$$UDIV
00025e53                I$$UMOD
0002578c                _EZDSP5535_GPIO_getInput
00025723                _EZDSP5535_GPIO_init
0002574e                _EZDSP5535_GPIO_setDirection
00025772                _EZDSP5535_GPIO_setOutput
00025695                _EZDSP5535_I2C_init
000256fb                _EZDSP5535_I2C_read
000256ca                _EZDSP5535_I2C_reset
000256d5                _EZDSP5535_I2C_write
00024c30                _EZDSP5535_OSD9616_init
00024be5                _EZDSP5535_OSD9616_multiSend
00024d12                _EZDSP5535_OSD9616_printLetter
00024bbd                _EZDSP5535_OSD9616_send
00025bda                _EZDSP5535_init
00025b94                _EZDSP5535_wait
00025bc8                _EZDSP5535_waitusec
            00002a62    _FONT_A_Z
000226bf                _GPIO_clearInt
00022218                _GPIO_close
0002223c                _GPIO_config
0002246f                _GPIO_configBit
000225b7                _GPIO_disableInt
00022635                _GPIO_enableInt
000222c1                _GPIO_getConfig
000221d4                _GPIO_open
00022349                _GPIO_read
000227d2                _GPIO_reset
0002274b                _GPIO_statusBit
000223cc                _GPIO_write
            00002d7c    _GpioObj
0002326e                _HOSTclock
00023203                _HOSTclose
0002314e                _HOSTlseek
000230af                _HOSTopen
00023022                _HOSTread
00022f74                _HOSTrename
00022f16                _HOSTtime
00022eac                _HOSTunlink
00022e1f                _HOSTwrite
00021641                _I2C_config
0002200c                _I2C_eventDisable
00021ed8                _I2C_eventEnable
000217a6                _I2C_getConfig
000221b8                _I2C_getEventId
00021598                _I2C_init
00021cba                _I2C_read
0002212b                _I2C_setCallback
0002187c                _I2C_setup
00021a76                _I2C_write
0002469f                _OLED_clear
00024688                _OLED_init
0002476f                _OLED_printString
0004fe00                _Reset
            00020000    __CIOBUF_
            00001060    __STACK_END
00002000                __STACK_SIZE
00002000                __SYSMEM_SIZE
00001000                __SYSSTACK_SIZE
ffffffff                ___binit__
ffffffff                ___bss__
ffffffff                ___c_args__
            00020120    ___cinit__
ffffffff                ___data__
ffffffff                ___edata__
ffffffff                ___end__
ffffffff                ___etext__
00025e8b                ___isinf
ffffffff                ___pinit__
ffffffff                ___text__
000243ba                __addd
00025c85                __args_main
00025405                __buff_read
00023ffe                __cleanup
            00002d84    __cleanup_ptr
000249c5                __cmpd
            00002961    __ctypes_
00023b93                __divd
00025d1b                __divli
00024385                __divlli
00025e3e                __divu
00025559                __divul
00024291                __divull
00025289                __doflush
            00002d86    __dtors_ptr
00024991                __eqld
00025e14                __fixdi
0002598a                __fixdli
00025ad1                __fltlid
000258a2                __frcmpyd
000251c1                __frcmpyd_div
            00002c20    __ft_end
            00002b08    __ftable
00024947                __geqd
000248fc                __gtrd
000248af                __leqd
            00002d80    __lock
00024867                __lssd
00024eb2                __mpyd
00025ebb                __mpyli
000241d9                __mpylli
00025f02                __negd
00024833                __neqd
00025ede                __nop
00021356                __printfi
00025164                __rd_ok
00025ed6                __register_lock
00025ece                __register_unlock
00025cd0                __remli
000241aa                __remlli
00025e53                __remu
00025918                __remul
0002415c                __remull
            00000060    __stack
00025ea7                __subd
            00001860    __sys_memory
            00001060    __sysstack
            00002b80    __tmpnams
            00002d82    __unlock
000250e4                __wrt_ok
00025f1c                _abort
00022cb4                _add_device
00025b38                _atoi
00025c38                _auto_init
00025de0                _c_int00
0002375b                _calloc
00023753                _chkheap
00022c41                _close
00025da2                _exit
00025827                _fclose
000252f2                _fflush
000255fa                _fgetc
00022c38                _find_registered_device
00024121                _fopen
000254b3                _fputc
00024d4f                _fputs
000232cc                _free
000236fd                _free_memory
00024058                _freopen
00025a66                _fseek
            00002d64    _gI2cObj
000255fa                _getc
00025686                _getchar
00022da4                _getenv
            00002d7e    _hGpio
            00002d74    _i2cHandle
00022bd2                _lseek
000257aa                _ltoa
00024a7d                _main
000233fd                _malloc
000236a3                _max_free
00025e68                _memccpy
00025d63                _memcpy
00025ee0                _memset
00023398                _minit
00023781                _oled_test
00022b13                _open
00025be8                _printf
000254b3                _putc
0002554a                _putchar
00024e84                _puts
00022a65                _read
000259f9                _readmsg
000234f2                _realloc
00025f12                _remove
00022a2f                _remove_device
000229d6                _rename
00024ffe                _setvbuf
00025ef1                _strlen
000229a3                _unlink
00022861                _write
0002534b                _writemsg
ffffffff                binit
            00020120    cinit
ffffffff                edata
ffffffff                end
ffffffff                etext
ffffffff                pinit


GLOBAL SYMBOLS: SORTED BY Symbol Address 

abs. value/
byte addr   word addr   name
---------   ---------   ----
00000001                $TI_capability_requires_rev3
00000002                $TI_capability$C5500$CallingConvention
00000002                $TI_capability$C5500$MemoryModel
            00000060    __stack
00001000                __SYSSTACK_SIZE
00002000                __STACK_SIZE
00002000                __SYSMEM_SIZE
            00001060    __STACK_END
            00001060    __sysstack
            00001860    __sys_memory
            00002961    __ctypes_
            00002a62    _FONT_A_Z
            00002b08    __ftable
            00002b80    __tmpnams
            00002c20    __ft_end
            00002d64    _gI2cObj
            00002d74    _i2cHandle
            00002d7c    _GpioObj
            00002d7e    _hGpio
            00002d80    __lock
            00002d82    __unlock
            00002d84    __cleanup_ptr
            00002d86    __dtors_ptr
00021356                __printfi
00021598                _I2C_init
00021641                _I2C_config
000217a6                _I2C_getConfig
0002187c                _I2C_setup
00021a76                _I2C_write
00021cba                _I2C_read
00021ed8                _I2C_eventEnable
0002200c                _I2C_eventDisable
0002212b                _I2C_setCallback
000221b8                _I2C_getEventId
000221d4                _GPIO_open
00022218                _GPIO_close
0002223c                _GPIO_config
000222c1                _GPIO_getConfig
00022349                _GPIO_read
000223cc                _GPIO_write
0002246f                _GPIO_configBit
000225b7                _GPIO_disableInt
00022635                _GPIO_enableInt
000226bf                _GPIO_clearInt
0002274b                _GPIO_statusBit
000227d2                _GPIO_reset
00022861                _write
000229a3                _unlink
000229d6                _rename
00022a2f                _remove_device
00022a65                _read
00022b13                _open
00022bd2                _lseek
00022c38                _find_registered_device
00022c41                _close
00022cb4                _add_device
00022da4                _getenv
00022e1f                _HOSTwrite
00022eac                _HOSTunlink
00022f16                _HOSTtime
00022f74                _HOSTrename
00023022                _HOSTread
000230af                _HOSTopen
0002314e                _HOSTlseek
00023203                _HOSTclose
0002326e                _HOSTclock
000232cc                _free
00023398                _minit
000233fd                _malloc
000234f2                _realloc
000236a3                _max_free
000236fd                _free_memory
00023753                _chkheap
0002375b                _calloc
00023781                _oled_test
00023b93                __divd
00023ffe                __cleanup
00024058                _freopen
00024121                _fopen
0002415c                __remull
000241aa                __remlli
000241d9                __mpylli
00024291                __divull
00024385                __divlli
000243ba                __addd
00024688                _OLED_init
0002469f                _OLED_clear
0002476f                _OLED_printString
00024833                __neqd
00024867                __lssd
000248af                __leqd
000248fc                __gtrd
00024947                __geqd
00024991                __eqld
000249c5                __cmpd
00024a7d                _main
00024bbd                _EZDSP5535_OSD9616_send
00024be5                _EZDSP5535_OSD9616_multiSend
00024c30                _EZDSP5535_OSD9616_init
00024d12                _EZDSP5535_OSD9616_printLetter
00024d4f                _fputs
00024e84                _puts
00024eb2                __mpyd
00024ffe                _setvbuf
000250e4                __wrt_ok
00025164                __rd_ok
000251c1                __frcmpyd_div
00025289                __doflush
000252f2                _fflush
0002534b                _writemsg
00025400                C$$IO$$
00025405                __buff_read
000254b3                _fputc
000254b3                _putc
0002554a                _putchar
00025559                __divul
000255fa                _fgetc
000255fa                _getc
00025686                _getchar
00025695                _EZDSP5535_I2C_init
000256ca                _EZDSP5535_I2C_reset
000256d5                _EZDSP5535_I2C_write
000256fb                _EZDSP5535_I2C_read
00025723                _EZDSP5535_GPIO_init
0002574e                _EZDSP5535_GPIO_setDirection
00025772                _EZDSP5535_GPIO_setOutput
0002578c                _EZDSP5535_GPIO_getInput
000257aa                _ltoa
00025827                _fclose
000258a2                __frcmpyd
00025918                __remul
0002598a                __fixdli
000259f9                _readmsg
00025a66                _fseek
00025ad1                __fltlid
00025b38                _atoi
00025b94                _EZDSP5535_wait
00025bc8                _EZDSP5535_waitusec
00025bda                _EZDSP5535_init
00025be8                _printf
00025c38                _auto_init
00025c85                __args_main
00025cd0                __remli
00025d1b                __divli
00025d63                _memcpy
00025da2                _exit
00025de0                _c_int00
00025e14                __fixdi
00025e3e                I$$UDIV
00025e3e                __divu
00025e53                I$$UMOD
00025e53                __remu
00025e68                _memccpy
00025e8b                ___isinf
00025ea7                __subd
00025ebb                I$$LMPY
00025ebb                __mpyli
00025ece                __register_unlock
00025ed6                __register_lock
00025ede                __nop
00025ee0                _memset
00025ef1                _strlen
00025f02                __negd
00025f12                _remove
00025f1c                _abort
00025f1d                C$$EXIT
            00020000    __CIOBUF_
            00020120    ___cinit__
            00020120    cinit
0004fe00                _Reset
ffffffff                .bss
ffffffff                .data
ffffffff                .text
ffffffff                ___binit__
ffffffff                ___bss__
ffffffff                ___c_args__
ffffffff                ___data__
ffffffff                ___edata__
ffffffff                ___end__
ffffffff                ___etext__
ffffffff                ___pinit__
ffffffff                ___text__
ffffffff                binit
ffffffff                edata
ffffffff                end
ffffffff                etext
ffffffff                pinit

[187 symbols]
